[     106ms] [INFO] %cDownload the React DevTools for a better development experience: https://react.dev/link/react-devtools font-weight:bold @ http://localhost:5173/node_modules/.vite/deps/react-dom_client.js?v=1c974dd6:14337
[     426ms] [ERROR] WebSocket connection to 'ws://localhost:5173/?token=1fNNPAivOWEQ' failed: Error during WebSocket handshake: Unexpected response code: 400 @ http://localhost:5173/@vite/client:840
[     430ms] [ERROR] WebSocket connection to 'ws://127.0.0.1:5173/?token=1fNNPAivOWEQ' failed: Error during WebSocket handshake: Unexpected response code: 400 @ http://localhost:5173/@vite/client:850
[     430ms] [ERROR] [vite] failed to connect to websocket.
your current setup:
  (browser) localhost:5173/ <--[HTTP]--> 127.0.0.1:5173/ (server)
  (browser) localhost:5173/ <--[WebSocket (failing)]--> 127.0.0.1:5173/ (server)
Check out your Vite / network configuration and https://vite.dev/config/server-options.html#server-hmr . @ http://localhost:5173/@vite/client:509
[     431ms] TypeError: Cannot read properties of undefined (reading 'send')
    at Object.send (http://localhost:5173/@vite/client:438:7)
    at Object.send (http://localhost:5173/@vite/client:876:16)
    at Object.send (http://localhost:5173/@vite/client:307:21)
    at Object.send (http://localhost:5173/@vite/client:385:30)
[     432ms] TypeError: Cannot read properties of undefined (reading 'send')
    at Object.send (http://localhost:5173/@vite/client:438:7)
    at Object.send (http://localhost:5173/@vite/client:876:16)
    at Object.send (http://localhost:5173/@vite/client:307:21)
    at Object.send (http://localhost:5173/@vite/client:385:30)
    at sendError (http://localhost:5173/@vite/client:480:13)
    at http://localhost:5173/@vite/client:519:4
[     432ms] TypeError: Cannot read properties of undefined (reading 'send')
    at Object.send (http://localhost:5173/@vite/client:438:7)
    at Object.send (http://localhost:5173/@vite/client:876:16)
    at Object.send (http://localhost:5173/@vite/client:307:21)
    at Object.send (http://localhost:5173/@vite/client:385:30)
    at sendError (http://localhost:5173/@vite/client:480:13)
    at http://localhost:5173/@vite/client:519:4
[     432ms] TypeError: Cannot read properties of undefined (reading 'send')
    at Object.send (http://localhost:5173/@vite/client:438:7)
    at Object.send (http://localhost:5173/@vite/client:876:16)
    at Object.send (http://localhost:5173/@vite/client:307:21)
    at Object.send (http://localhost:5173/@vite/client:385:30)
    at sendError (http://localhost:5173/@vite/client:480:13)
    at http://localhost:5173/@vite/client:519:4
[     432ms] TypeError: Cannot read properties of undefined (reading 'send')
    at Object.send (http://localhost:5173/@vite/client:438:7)
    at Object.send (http://localhost:5173/@vite/client:876:16)
    at Object.send (http://localhost:5173/@vite/client:307:21)
    at Object.send (http://localhost:5173/@vite/client:385:30)
    at sendError (http://localhost:5173/@vite/client:480:13)
    at http://localhost:5173/@vite/client:519:4
[     432ms] TypeError: Cannot read properties of undefined (reading 'send')
    at Object.send (http://localhost:5173/@vite/client:438:7)
    at Object.send (http://localhost:5173/@vite/client:876:16)
    at Object.send (http://localhost:5173/@vite/client:307:21)
    at Object.send (http://localhost:5173/@vite/client:385:30)
    at sendError (http://localhost:5173/@vite/client:480:13)
    at http://localhost:5173/@vite/client:519:4
[     433ms] TypeError: Cannot read properties of undefined (reading 'send')
    at Object.send (http://localhost:5173/@vite/client:438:7)
    at Object.send (http://localhost:5173/@vite/client:876:16)
    at Object.send (http://localhost:5173/@vite/client:307:21)
    at Object.send (http://localhost:5173/@vite/client:385:30)
    at sendError (http://localhost:5173/@vite/client:480:13)
    at http://localhost:5173/@vite/client:519:4
[     433ms] TypeError: Cannot read properties of undefined (reading 'send')
    at Object.send (http://localhost:5173/@vite/client:438:7)
    at Object.send (http://localhost:5173/@vite/client:876:16)
    at Object.send (http://localhost:5173/@vite/client:307:21)
    at Object.send (http://localhost:5173/@vite/client:385:30)
    at sendError (http://localhost:5173/@vite/client:480:13)
    at http://localhost:5173/@vite/client:519:4
[     433ms] TypeError: Cannot read properties of undefined (reading 'send')
    at Object.send (http://localhost:5173/@vite/client:438:7)
    at Object.send (http://localhost:5173/@vite/client:876:16)
    at Object.send (http://localhost:5173/@vite/client:307:21)
    at Object.send (http://localhost:5173/@vite/client:385:30)
    at sendError (http://localhost:5173/@vite/client:480:13)
    at http://localhost:5173/@vite/client:519:4
[     433ms] TypeError: Cannot read properties of undefined (reading 'send')
    at Object.send (http://localhost:5173/@vite/client:438:7)
    at Object.send (http://localhost:5173/@vite/client:876:16)
    at Object.send (http://localhost:5173/@vite/client:307:21)
    at Object.send (http://localhost:5173/@vite/client:385:30)
    at sendError (http://localhost:5173/@vite/client:480:13)
    at http://localhost:5173/@vite/client:519:4
[     433ms] TypeError: Cannot read properties of undefined (reading 'send')
    at Object.send (http://localhost:5173/@vite/client:438:7)
    at Object.send (http://localhost:5173/@vite/client:876:16)
    at Object.send (http://localhost:5173/@vite/client:307:21)
    at Object.send (http://localhost:5173/@vite/client:385:30)
    at sendError (http://localhost:5173/@vite/client:480:13)
    at http://localhost:5173/@vite/client:519:4
[     433ms] TypeError: Cannot read properties of undefined (reading 'send')
    at Object.send (http://localhost:5173/@vite/client:438:7)
    at Object.send (http://localhost:5173/@vite/client:876:16)
    at Object.send (http://localhost:5173/@vite/client:307:21)
    at Object.send (http://localhost:5173/@vite/client:385:30)
    at sendError (http://localhost:5173/@vite/client:480:13)
    at http://localhost:5173/@vite/client:519:4
[     433ms] TypeError: Cannot read properties of undefined (reading 'send')
    at Object.send (http://localhost:5173/@vite/client:438:7)
    at Object.send (http://localhost:5173/@vite/client:876:16)
    at Object.send (http://localhost:5173/@vite/client:307:21)
    at Object.send (http://localhost:5173/@vite/client:385:30)
    at sendError (http://localhost:5173/@vite/client:480:13)
    at http://localhost:5173/@vite/client:519:4
[     433ms] TypeError: Cannot read properties of undefined (reading 'send')
    at Object.send (http://localhost:5173/@vite/client:438:7)
    at Object.send (http://localhost:5173/@vite/client:876:16)
    at Object.send (http://localhost:5173/@vite/client:307:21)
    at Object.send (http://localhost:5173/@vite/client:385:30)
    at sendError (http://localhost:5173/@vite/client:480:13)
    at http://localhost:5173/@vite/client:519:4
[     433ms] TypeError: Cannot read properties of undefined (reading 'send')
    at Object.send (http://localhost:5173/@vite/client:438:7)
    at Object.send (http://localhost:5173/@vite/client:876:16)
    at Object.send (http://localhost:5173/@vite/client:307:21)
    at Object.send (http://localhost:5173/@vite/client:385:30)
    at sendError (http://localhost:5173/@vite/client:480:13)
    at http://localhost:5173/@vite/client:519:4
[     433ms] TypeError: Cannot read properties of undefined (reading 'send')
    at Object.send (http://localhost:5173/@vite/client:438:7)
    at Object.send (http://localhost:5173/@vite/client:876:16)
    at Object.send (http://localhost:5173/@vite/client:307:21)
    at Object.send (http://localhost:5173/@vite/client:385:30)
    at sendError (http://localhost:5173/@vite/client:480:13)
    at http://localhost:5173/@vite/client:519:4
[     434ms] TypeError: Cannot read properties of undefined (reading 'send')
    at Object.send (http://localhost:5173/@vite/client:438:7)
    at Object.send (http://localhost:5173/@vite/client:876:16)
    at Object.send (http://localhost:5173/@vite/client:307:21)
    at Object.send (http://localhost:5173/@vite/client:385:30)
    at sendError (http://localhost:5173/@vite/client:480:13)
    at http://localhost:5173/@vite/client:519:4
[     434ms] TypeError: Cannot read properties of undefined (reading 'send')
    at Object.send (http://localhost:5173/@vite/client:438:7)
    at Object.send (http://localhost:5173/@vite/client:876:16)
    at Object.send (http://localhost:5173/@vite/client:307:21)
    at Object.send (http://localhost:5173/@vite/client:385:30)
    at sendError (http://localhost:5173/@vite/client:480:13)
    at http://localhost:5173/@vite/client:519:4
[     434ms] TypeError: Cannot read properties of undefined (reading 'send')
    at Object.send (http://localhost:5173/@vite/client:438:7)
    at Object.send (http://localhost:5173/@vite/client:876:16)
    at Object.send (http://localhost:5173/@vite/client:307:21)
    at Object.send (http://localhost:5173/@vite/client:385:30)
    at sendError (http://localhost:5173/@vite/client:480:13)
    at http://localhost:5173/@vite/client:519:4
[     434ms] TypeError: Cannot read properties of undefined (reading 'send')
    at Object.send (http://localhost:5173/@vite/client:438:7)
    at Object.send (http://localhost:5173/@vite/client:876:16)
    at Object.send (http://localhost:5173/@vite/client:307:21)
    at Object.send (http://localhost:5173/@vite/client:385:30)
    at sendError (http://localhost:5173/@vite/client:480:13)
    at http://localhost:5173/@vite/client:519:4
[     434ms] TypeError: Cannot read properties of undefined (reading 'send')
    at Object.send (http://localhost:5173/@vite/client:438:7)
    at Object.send (http://localhost:5173/@vite/client:876:16)
    at Object.send (http://localhost:5173/@vite/client:307:21)
    at Object.send (http://localhost:5173/@vite/client:385:30)
    at sendError (http://localhost:5173/@vite/client:480:13)
    at http://localhost:5173/@vite/client:519:4
[     434ms] TypeError: Cannot read properties of undefined (reading 'send')
    at Object.send (http://localhost:5173/@vite/client:438:7)
    at Object.send (http://localhost:5173/@vite/client:876:16)
    at Object.send (http://localhost:5173/@vite/client:307:21)
    at Object.send (http://localhost:5173/@vite/client:385:30)
    at sendError (http://localhost:5173/@vite/client:480:13)
    at http://localhost:5173/@vite/client:519:4
[     434ms] TypeError: Cannot read properties of undefined (reading 'send')
    at Object.send (http://localhost:5173/@vite/client:438:7)
    at Object.send (http://localhost:5173/@vite/client:876:16)
    at Object.send (http://localhost:5173/@vite/client:307:21)
    at Object.send (http://localhost:5173/@vite/client:385:30)
    at sendError (http://localhost:5173/@vite/client:480:13)
    at http://localhost:5173/@vite/client:519:4
[     434ms] TypeError: Cannot read properties of undefined (reading 'send')
    at Object.send (http://localhost:5173/@vite/client:438:7)
    at Object.send (http://localhost:5173/@vite/client:876:16)
    at Object.send (http://localhost:5173/@vite/client:307:21)
    at Object.send (http://localhost:5173/@vite/client:385:30)
    at sendError (http://localhost:5173/@vite/client:480:13)
    at http://localhost:5173/@vite/client:519:4
[     434ms] TypeError: Cannot read properties of undefined (reading 'send')
    at Object.send (http://localhost:5173/@vite/client:438:7)
    at Object.send (http://localhost:5173/@vite/client:876:16)
    at Object.send (http://localhost:5173/@vite/client:307:21)
    at Object.send (http://localhost:5173/@vite/client:385:30)
    at sendError (http://localhost:5173/@vite/client:480:13)
    at http://localhost:5173/@vite/client:519:4
[     434ms] TypeError: Cannot read properties of undefined (reading 'send')
    at Object.send (http://localhost:5173/@vite/client:438:7)
    at Object.send (http://localhost:5173/@vite/client:876:16)
    at Object.send (http://localhost:5173/@vite/client:307:21)
    at Object.send (http://localhost:5173/@vite/client:385:30)
    at sendError (http://localhost:5173/@vite/client:480:13)
    at http://localhost:5173/@vite/client:519:4
[     434ms] TypeError: Cannot read properties of undefined (reading 'send')
    at Object.send (http://localhost:5173/@vite/client:438:7)
    at Object.send (http://localhost:5173/@vite/client:876:16)
    at Object.send (http://localhost:5173/@vite/client:307:21)
    at Object.send (http://localhost:5173/@vite/client:385:30)
    at sendError (http://localhost:5173/@vite/client:480:13)
    at http://localhost:5173/@vite/client:519:4
[     434ms] TypeError: Cannot read properties of undefined (reading 'send')
    at Object.send (http://localhost:5173/@vite/client:438:7)
    at Object.send (http://localhost:5173/@vite/client:876:16)
    at Object.send (http://localhost:5173/@vite/client:307:21)
    at Object.send (http://localhost:5173/@vite/client:385:30)
    at sendError (http://localhost:5173/@vite/client:480:13)
    at http://localhost:5173/@vite/client:519:4
[     434ms] TypeError: Cannot read properties of undefined (reading 'send')
    at Object.send (http://localhost:5173/@vite/client:438:7)
    at Object.send (http://localhost:5173/@vite/client:876:16)
    at Object.send (http://localhost:5173/@vite/client:307:21)
    at Object.send (http://localhost:5173/@vite/client:385:30)
    at sendError (http://localhost:5173/@vite/client:480:13)
    at http://localhost:5173/@vite/client:519:4
[     435ms] TypeError: Cannot read properties of undefined (reading 'send')
    at Object.send (http://localhost:5173/@vite/client:438:7)
    at Object.send (http://localhost:5173/@vite/client:876:16)
    at Object.send (http://localhost:5173/@vite/client:307:21)
    at Object.send (http://localhost:5173/@vite/client:385:30)
    at sendError (http://localhost:5173/@vite/client:480:13)
    at http://localhost:5173/@vite/client:519:4
[     435ms] TypeError: Cannot read properties of undefined (reading 'send')
    at Object.send (http://localhost:5173/@vite/client:438:7)
    at Object.send (http://localhost:5173/@vite/client:876:16)
    at Object.send (http://localhost:5173/@vite/client:307:21)
    at Object.send (http://localhost:5173/@vite/client:385:30)
    at sendError (http://localhost:5173/@vite/client:480:13)
    at http://localhost:5173/@vite/client:519:4
[     435ms] TypeError: Cannot read properties of undefined (reading 'send')
    at Object.send (http://localhost:5173/@vite/client:438:7)
    at Object.send (http://localhost:5173/@vite/client:876:16)
    at Object.send (http://localhost:5173/@vite/client:307:21)
    at Object.send (http://localhost:5173/@vite/client:385:30)
    at sendError (http://localhost:5173/@vite/client:480:13)
    at http://localhost:5173/@vite/client:519:4
[     435ms] TypeError: Cannot read properties of undefined (reading 'send')
    at Object.send (http://localhost:5173/@vite/client:438:7)
    at Object.send (http://localhost:5173/@vite/client:876:16)
    at Object.send (http://localhost:5173/@vite/client:307:21)
    at Object.send (http://localhost:5173/@vite/client:385:30)
    at sendError (http://localhost:5173/@vite/client:480:13)
    at http://localhost:5173/@vite/client:519:4
[     435ms] TypeError: Cannot read properties of undefined (reading 'send')
    at Object.send (http://localhost:5173/@vite/client:438:7)
    at Object.send (http://localhost:5173/@vite/client:876:16)
    at Object.send (http://localhost:5173/@vite/client:307:21)
    at Object.send (http://localhost:5173/@vite/client:385:30)
    at sendError (http://localhost:5173/@vite/client:480:13)
    at http://localhost:5173/@vite/client:519:4
[     435ms] TypeError: Cannot read properties of undefined (reading 'send')
    at Object.send (http://localhost:5173/@vite/client:438:7)
    at Object.send (http://localhost:5173/@vite/client:876:16)
    at Object.send (http://localhost:5173/@vite/client:307:21)
    at Object.send (http://localhost:5173/@vite/client:385:30)
    at sendError (http://localhost:5173/@vite/client:480:13)
    at http://localhost:5173/@vite/client:519:4
[     435ms] TypeError: Cannot read properties of undefined (reading 'send')
    at Object.send (http://localhost:5173/@vite/client:438:7)
    at Object.send (http://localhost:5173/@vite/client:876:16)
    at Object.send (http://localhost:5173/@vite/client:307:21)
    at Object.send (http://localhost:5173/@vite/client:385:30)
    at sendError (http://localhost:5173/@vite/client:480:13)
    at http://localhost:5173/@vite/client:519:4
[     435ms] TypeError: Cannot read properties of undefined (reading 'send')
    at Object.send (http://localhost:5173/@vite/client:438:7)
    at Object.send (http://localhost:5173/@vite/client:876:16)
    at Object.send (http://localhost:5173/@vite/client:307:21)
    at Object.send (http://localhost:5173/@vite/client:385:30)
    at sendError (http://localhost:5173/@vite/client:480:13)
    at http://localhost:5173/@vite/client:519:4
[     435ms] TypeError: Cannot read properties of undefined (reading 'send')
    at Object.send (http://localhost:5173/@vite/client:438:7)
    at Object.send (http://localhost:5173/@vite/client:876:16)
    at Object.send (http://localhost:5173/@vite/client:307:21)
    at Object.send (http://localhost:5173/@vite/client:385:30)
    at sendError (http://localhost:5173/@vite/client:480:13)
    at http://localhost:5173/@vite/client:519:4
[     436ms] TypeError: Cannot read properties of undefined (reading 'send')
    at Object.send (http://localhost:5173/@vite/client:438:7)
    at Object.send (http://localhost:5173/@vite/client:876:16)
    at Object.send (http://localhost:5173/@vite/client:307:21)
    at Object.send (http://localhost:5173/@vite/client:385:30)
    at sendError (http://localhost:5173/@vite/client:480:13)
    at http://localhost:5173/@vite/client:519:4
[     436ms] TypeError: Cannot read properties of undefined (reading 'send')
    at Object.send (http://localhost:5173/@vite/client:438:7)
    at Object.send (http://localhost:5173/@vite/client:876:16)
    at Object.send (http://localhost:5173/@vite/client:307:21)
    at Object.send (http://localhost:5173/@vite/client:385:30)
    at sendError (http://localhost:5173/@vite/client:480:13)
    at http://localhost:5173/@vite/client:519:4
[     436ms] TypeError: Cannot read properties of undefined (reading 'send')
    at Object.send (http://localhost:5173/@vite/client:438:7)
    at Object.send (http://localhost:5173/@vite/client:876:16)
    at Object.send (http://localhost:5173/@vite/client:307:21)
    at Object.send (http://localhost:5173/@vite/client:385:30)
    at sendError (http://localhost:5173/@vite/client:480:13)
    at http://localhost:5173/@vite/client:519:4
[     436ms] TypeError: Cannot read properties of undefined (reading 'send')
    at Object.send (http://localhost:5173/@vite/client:438:7)
    at Object.send (http://localhost:5173/@vite/client:876:16)
    at Object.send (http://localhost:5173/@vite/client:307:21)
    at Object.send (http://localhost:5173/@vite/client:385:30)
    at sendError (http://localhost:5173/@vite/client:480:13)
    at http://localhost:5173/@vite/client:519:4
[     436ms] TypeError: Cannot read properties of undefined (reading 'send')
    at Object.send (http://localhost:5173/@vite/client:438:7)
    at Object.send (http://localhost:5173/@vite/client:876:16)
    at Object.send (http://localhost:5173/@vite/client:307:21)
    at Object.send (http://localhost:5173/@vite/client:385:30)
    at sendError (http://localhost:5173/@vite/client:480:13)
    at http://localhost:5173/@vite/client:519:4
[     436ms] TypeError: Cannot read properties of undefined (reading 'send')
    at Object.send (http://localhost:5173/@vite/client:438:7)
    at Object.send (http://localhost:5173/@vite/client:876:16)
    at Object.send (http://localhost:5173/@vite/client:307:21)
    at Object.send (http://localhost:5173/@vite/client:385:30)
    at sendError (http://localhost:5173/@vite/client:480:13)
    at http://localhost:5173/@vite/client:519:4
[     436ms] TypeError: Cannot read properties of undefined (reading 'send')
    at Object.send (http://localhost:5173/@vite/client:438:7)
    at Object.send (http://localhost:5173/@vite/client:876:16)
    at Object.send (http://localhost:5173/@vite/client:307:21)
    at Object.send (http://localhost:5173/@vite/client:385:30)
    at sendError (http://localhost:5173/@vite/client:480:13)
    at http://localhost:5173/@vite/client:519:4
[     437ms] TypeError: Cannot read properties of undefined (reading 'send')
    at Object.send (http://localhost:5173/@vite/client:438:7)
    at Object.send (http://localhost:5173/@vite/client:876:16)
    at Object.send (http://localhost:5173/@vite/client:307:21)
    at Object.send (http://localhost:5173/@vite/client:385:30)
    at sendError (http://localhost:5173/@vite/client:480:13)
    at http://localhost:5173/@vite/client:519:4
[     437ms] TypeError: Cannot read properties of undefined (reading 'send')
    at Object.send (http://localhost:5173/@vite/client:438:7)
    at Object.send (http://localhost:5173/@vite/client:876:16)
    at Object.send (http://localhost:5173/@vite/client:307:21)
    at Object.send (http://localhost:5173/@vite/client:385:30)
    at sendError (http://localhost:5173/@vite/client:480:13)
    at http://localhost:5173/@vite/client:519:4
[     437ms] TypeError: Cannot read properties of undefined (reading 'send')
    at Object.send (http://localhost:5173/@vite/client:438:7)
    at Object.send (http://localhost:5173/@vite/client:876:16)
    at Object.send (http://localhost:5173/@vite/client:307:21)
    at Object.send (http://localhost:5173/@vite/client:385:30)
    at sendError (http://localhost:5173/@vite/client:480:13)
    at http://localhost:5173/@vite/client:519:4
[     437ms] TypeError: Cannot read properties of undefined (reading 'send')
    at Object.send (http://localhost:5173/@vite/client:438:7)
    at Object.send (http://localhost:5173/@vite/client:876:16)
    at Object.send (http://localhost:5173/@vite/client:307:21)
    at Object.send (http://localhost:5173/@vite/client:385:30)
    at sendError (http://localhost:5173/@vite/client:480:13)
    at http://localhost:5173/@vite/client:519:4
[     437ms] TypeError: Cannot read properties of undefined (reading 'send')
    at Object.send (http://localhost:5173/@vite/client:438:7)
    at Object.send (http://localhost:5173/@vite/client:876:16)
    at Object.send (http://localhost:5173/@vite/client:307:21)
    at Object.send (http://localhost:5173/@vite/client:385:30)
    at sendError (http://localhost:5173/@vite/client:480:13)
    at http://localhost:5173/@vite/client:519:4
[     437ms] TypeError: Cannot read properties of undefined (reading 'send')
    at Object.send (http://localhost:5173/@vite/client:438:7)
    at Object.send (http://localhost:5173/@vite/client:876:16)
    at Object.send (http://localhost:5173/@vite/client:307:21)
    at Object.send (http://localhost:5173/@vite/client:385:30)
    at sendError (http://localhost:5173/@vite/client:480:13)
    at http://localhost:5173/@vite/client:519:4
[     438ms] TypeError: Cannot read properties of undefined (reading 'send')
    at Object.send (http://localhost:5173/@vite/client:438:7)
    at Object.send (http://localhost:5173/@vite/client:876:16)
    at Object.send (http://localhost:5173/@vite/client:307:21)
    at Object.send (http://localhost:5173/@vite/client:385:30)
    at sendError (http://localhost:5173/@vite/client:480:13)
    at http://localhost:5173/@vite/client:519:4
[     438ms] TypeError: Cannot read properties of undefined (reading 'send')
    at Object.send (http://localhost:5173/@vite/client:438:7)
    at Object.send (http://localhost:5173/@vite/client:876:16)
    at Object.send (http://localhost:5173/@vite/client:307:21)
    at Object.send (http://localhost:5173/@vite/client:385:30)
    at sendError (http://localhost:5173/@vite/client:480:13)
    at http://localhost:5173/@vite/client:519:4
